map EmeraldBay {
  size 12, 10;

  tile GRASS at (0,0);
  tile GRASS at (1,0);
  tile GRASS at (2,0);
  tile GRASS at (3,0);
  tile GRASS at (4,0);
  tile GRASS at (5,0);
  tile GRASS at (6,0);
  tile GRASS at (7,0);
  tile GRASS at (8,0);
  tile GRASS at (9,0);
  tile GRASS at (10,0);
  tile GRASS at (11,0);

  tile GRASS at (0,1);
  tile GRASS at (1,1);
  tile GRASS at (2,1);
  tile GRASS at (3,1);
  tile GRASS at (4,1);
  tile GRASS at (5,1);
  tile GRASS at (6,1);
  tile GRASS at (7,1);
  tile GRASS at (8,1);
  tile GRASS at (9,1);
  tile GRASS at (10,1);
  tile GRASS at (11,1);

  tile GRASS at (0,2);
  tile GRASS at (1,2);
  tile GRASS at (2,2);
  tile GRASS at (3,2);
  tile GRASS at (4,2);
  tile GRASS at (5,2);
  tile GRASS at (6,2);
  tile GRASS at (7,2);
  tile GRASS at (8,2);
  tile GRASS at (9,2);
  tile GRASS at (10,2);
  tile GRASS at (11,2);

  tile GRASS at (0,3);
  tile GRASS at (1,3);
  tile GRASS at (2,3);
  tile GRASS at (3,3);
  tile WATER at (4,3);
  tile WATER at (5,3);
  tile WATER at (6,3);
  tile WATER at (7,3);
  tile GRASS at (8,3);
  tile GRASS at (9,3);
  tile GRASS at (10,3);
  tile GRASS at (11,3);

  tile GRASS at (0,4);
  tile GRASS at (1,4);
  tile GRASS at (2,4);
  tile GRASS at (3,4);
  tile WATER at (4,4);
  tile WATER at (5,4);
  tile WATER at (6,4);
  tile WATER at (7,4);
  tile GRASS at (8,4);
  tile GRASS at (9,4);
  tile GRASS at (10,4);
  tile GRASS at (11,4);

  tile GRASS at (0,5);
  tile GRASS at (1,5);
  tile GRASS at (2,5);
  tile GRASS at (3,5);
  tile WATER at (4,5);
  tile WATER at (5,5);
  tile WATER at (6,5);
  tile WATER at (7,5);
  tile GRASS at (8,5);
  tile GRASS at (9,5);
  tile GRASS at (10,5);
  tile GRASS at (11,5);

  tile GRASS at (0,6);
  tile GRASS at (1,6);
  tile GRASS at (2,6);
  tile GRASS at (3,6);
  tile GRASS at (4,6);
  tile GRASS at (5,6);
  tile GRASS at (6,6);
  tile GRASS at (7,6);
  tile GRASS at (8,6);
  tile GRASS at (9,6);
  tile GRASS at (10,6);
  tile GRASS at (11,6);

  tile GRASS at (0,7);
  tile GRASS at (1,7);
  tile GRASS at (2,7);
  tile GRASS at (3,7);
  tile GRASS at (4,7);
  tile GRASS at (5,7);
  tile GRASS at (6,7);
  tile GRASS at (7,7);
  tile GRASS at (8,7);
  tile GRASS at (9,7);
  tile GRASS at (10,7);
  tile GRASS at (11,7);

  tile GRASS at (0,8);
  tile GRASS at (1,8);
  tile GRASS at (2,8);
  tile GRASS at (3,8);
  tile GRASS at (4,8);
  tile GRASS at (5,8);
  tile GRASS at (6,8);
  tile GRASS at (7,8);
  tile GRASS at (8,8);
  tile GRASS at (9,8);
  tile GRASS at (10,8);
  tile GRASS at (11,8);

  tile GRASS at (0,9);
  tile GRASS at (1,9);
  tile GRASS at (2,9);
  tile GRASS at (3,9);
  tile GRASS at (4,9);
  tile GRASS at (5,9);
  tile GRASS at (6,9);
  tile GRASS at (7,9);
  tile GRASS at (8,9);
  tile GRASS at (9,9);
  tile GRASS at (10,9);
  tile GRASS at (11,9);

  player at (2,7);
}